// Package service contains auto-generated files. DO NOT MODIFY
package service

import "github.com/timworks/twilio-sdk-go/client"
import "github.com/timworks/twilio-sdk-go/service/proxy/v1/service/phone_number"
import "github.com/timworks/twilio-sdk-go/service/proxy/v1/service/phone_numbers"

// This client is currently in beta and subject to change. Please use with caution
type Client struct {
	client *client.Client

	sid string

	PhoneNumbers *phone_numbers.Client
	PhoneNumber  func(string) *phone_number.Client
}

// ClientProperties are the properties required to manage the service resources
type ClientProperties struct {
	Sid string
}

// New creates a new instance of the service client
func New(client *client.Client, properties ClientProperties) *Client {
	return &Client{
		client: client,

		sid: properties.Sid,

		PhoneNumbers: phone_numbers.New(client, phone_numbers.ClientProperties{
			ServiceSid: properties.Sid,
		}),
		PhoneNumber: func(phoneNumberSid string) *phone_number.Client {
			return phone_number.New(client, phone_number.ClientProperties{
				ServiceSid: properties.Sid,
				Sid:        phoneNumberSid,
			})
		},
	}
}
